<html>
<body>
<pre>
<h1>µVision Build Log</h1>
<h2>Tool Versions:</h2>
IDE-Version: ¦ÌVision V5.36.0.0
Copyright (C) 2021 ARM Ltd and ARM Germany GmbH. All rights reserved.
License Information: j Zhian.Zhang@outlook.com, j, LIC=D0D7S-LLJT2-56UQ2-90A25-CVLYC-Z81JX
 
Tool Versions:
Toolchain:       MDK-ARM Plus  Version: 5.36.0.0
Toolchain Path:  C:\Keil_v5\ARM\ARMCC\Bin
C Compiler:      Armcc.exe V5.06 update 7 (build 960)
Assembler:       Armasm.exe V5.06 update 7 (build 960)
Linker/Locator:  ArmLink.exe V5.06 update 7 (build 960)
Library Manager: ArmAr.exe V5.06 update 7 (build 960)
Hex Converter:   FromElf.exe V5.06 update 7 (build 960)
CPU DLL:         SARMCM3.DLL V5.36.0.0
Dialog DLL:      DARMCM1.DLL V1.19.4.0
Target DLL:      STLink\ST-LINKIII-KEIL_SWO.dll V3.0.9.0
Dialog DLL:      TARMCM1.DLL V1.14.4.0
 
<h2>Project:</h2>
D:\GitData\Cgit\testTortoise\guyan\USER\guyan.uvprojx
Project File Date:  04/22/2023

<h2>Output:</h2>
*** Using Compiler 'V5.06 update 7 (build 960)', folder: 'C:\Keil_v5\ARM\ARMCC\Bin'
Rebuild target 'guyan'
assembling startup_stm32f0xx_ld.s...
compiling sys.c...
compiling main.c...
compiling stm32f0xx_adc.c...
compiling stm32f0xx_it.c...
compiling stm32f0xx_comp.c...
compiling IWDG.c...
compiling TIMER.c...
compiling motor.c...
compiling spi.c...
compiling delay.c...
compiling stm32f0xx_cec.c...
compiling stm32f0xx_crc.c...
compiling system_stm32f0xx.c...
compiling EXTI.c...
compiling USART.c...
compiling stm32f0xx_dac.c...
compiling stm32f0xx_dbgmcu.c...
compiling stm32f0xx_dma.c...
compiling stm32f0xx_exti.c...
compiling stm32f0xx_flash.c...
compiling stm32f0xx_gpio.c...
compiling stm32f0xx_iwdg.c...
compiling stm32f0xx_i2c.c...
compiling stm32f0xx_misc.c...
compiling stm32f0xx_pwr.c...
compiling stm32f0xx_syscfg.c...
compiling stm32f0xx_spi.c...
compiling stm32f0xx_rcc.c...
compiling stm32f0xx_rtc.c...
compiling stm32f0xx_tim.c...
compiling stm32f0xx_wwdg.c...
compiling stm32f0xx_usart.c...
linking...
Program Size: Code=3600 RO-data=208 RW-data=48 ZI-data=1632  
FromELF: creating hex file...
"..\OBJ\test.axf" - 0 Error(s), 0 Warning(s).

<h2>Software Packages used:</h2>

Package Vendor: Keil
                http://www.keil.com/pack/Keil.STM32F0xx_DFP.2.0.0.pack
                Keil.STM32F0xx_DFP.2.0.0
                STMicroelectronics STM32F0 Series Device Support, Drivers and Examples

<h2>Collection of Component include folders:</h2>
  C:\Users\Zhian\AppData\Local\Arm\Packs\Keil\STM32F0xx_DFP\2.0.0\Drivers\CMSIS\Device\ST\STM32F0xx\Include

<h2>Collection of Component Files used:</h2>
Build Time Elapsed:  00:00:02
</pre>
</body>
</html>
